uvicorn : INFO:     Will watch for changes in these directories: 
['C:\\Users\\hp\\OneDrive\\Desktop\\interviewai\\server']
At line:1 char:66
+ ... terviewai\server"; uvicorn main:app --reload --port 8000 2>&1 | Tee-O ...
+                        ~~~~~~~~~~~~~~~~~~~~~~~~~~~~~~~~~~~~~~~~~~
    + CategoryInfo          : NotSpecified: (INFO:     Will ...iewai\\server']:String) [], R 
   emoteException
    + FullyQualifiedErrorId : NativeCommandError
 
INFO:     Uvicorn running on http://127.0.0.1:8000 (Press CTRL+C to quit)
INFO:     Started reloader process [2056] using WatchFiles
INFO:     Started server process [1796]
INFO:     Waiting for application startup.
INFO:     Application startup complete.
